
> @ujg/field-guide@0.1.0 build C:\Users\Omegea Hunter\OneDrive\Documents\GitHub\urban_jungle_goddess_tools\apps\field-guide
> astro build

[34m▶ Astro collects anonymous usage data.[39m
  This information helps us improve Astro.
  Run "astro telemetry disable" to opt-out.
  [36m[4mhttps://astro.build/telemetry[24m[39m

[2m06:06:29[22m [34m[content][39m Syncing content
[2m06:06:30[22m [34m[content][39m Synced content
[2m06:06:30[22m [34m[types][39m Generated [2m2.15s[22m
[2m06:06:30[22m [34m[build][39m output: [34m"static"[39m
[2m06:06:30[22m [34m[build][39m mode: [34m"static"[39m
[2m06:06:30[22m [34m[build][39m directory: [34mC:\Users\Omegea Hunter\OneDrive\Documents\GitHub\urban_jungle_goddess_tools\apps\field-guide\dist\[39m
[2m06:06:30[22m [34m[build][39m Collecting build info...
[2m06:06:30[22m [34m[build][39m [32m✓ Completed in 2.20s.[39m
[2m06:06:30[22m [34m[build][39m Building static entrypoints...
[2m06:06:33[22m [34m[vite][39m [32m✓ built in 3.20s[39m
[2m06:06:33[22m [34m[build][39m [32m✓ Completed in 3.32s.[39m

[42m[30m generating static routes [39m[49m
[2m06:06:33[22m [32m▶[39m src/pages/index.astro
[2m06:06:33[22m   [34m└─[39m [2m/index.html[22m [2m(+93ms)[22m 
[2m06:06:33[22m [32m✓ Completed in 121ms.
[39m
[2m06:06:33[22m [34m[build][39m 1 page(s) built in [1m5.72s[22m
[2m06:06:33[22m [34m[build][39m [1mComplete![22m
